
  .   ____          _            __ _ _
 /\\ / ___'_ __ _ _(_)_ __  __ _ \ \ \ \
( ( )\___ | '_ | '_| | '_ \/ _` | \ \ \ \
 \\/  ___)| |_)| | | | | || (_| |  ) ) ) )
  '  |____| .__|_| |_|_| |_\__, | / / / /
 =========|_|==============|___/=/_/_/_/

 :: Spring Boot ::                (v4.1.0)

2026-08-04T15:07:46.295+07:00  INFO 14468 --- [library-management] [           main] c.library.LibraryManagementApplication   : Starting LibraryManagementApplication using Java 20.0.2 with PID 14468 (D:\library-management\backend\target\classes started by ADMIN in D:\library-management\backend)
2026-08-04T15:07:46.329+07:00  INFO 14468 --- [library-management] [           main] c.library.LibraryManagementApplication   : No active profile set, falling back to 1 default profile: "default"
2026-08-04T15:07:47.960+07:00  INFO 14468 --- [library-management] [           main] .s.d.r.c.RepositoryConfigurationDelegate : Multiple Spring Data modules found, entering strict repository configuration mode
2026-08-04T15:07:47.962+07:00  INFO 14468 --- [library-management] [           main] .s.d.r.c.RepositoryConfigurationDelegate : Bootstrapping Spring Data JPA repositories in DEFAULT mode.
2026-08-04T15:07:48.222+07:00  INFO 14468 --- [library-management] [           main] .s.d.r.c.RepositoryConfigurationDelegate : Finished Spring Data repository scanning in 248 ms. Found 8 JPA repository interfaces.
2026-08-04T15:07:48.244+07:00  INFO 14468 --- [library-management] [           main] .s.d.r.c.RepositoryConfigurationDelegate : Multiple Spring Data modules found, entering strict repository configuration mode
2026-08-04T15:07:48.246+07:00  INFO 14468 --- [library-management] [           main] .s.d.r.c.RepositoryConfigurationDelegate : Bootstrapping Spring Data Redis repositories in DEFAULT mode.
2026-08-04T15:07:48.269+07:00  INFO 14468 --- [library-management] [           main] .RepositoryConfigurationExtensionSupport : Spring Data Redis - Could not safely identify store assignment for repository candidate interface com.library.repository.BookCopyRepository; If you want this repository to be a Redis repository, consider annotating your entities with one of these annotations: org.springframework.data.redis.core.RedisHash (preferred), or consider extending one of the following types with your repository: org.springframework.data.keyvalue.repository.KeyValueRepository
2026-08-04T15:07:48.271+07:00  INFO 14468 --- [library-management] [           main] .RepositoryConfigurationExtensionSupport : Spring Data Redis - Could not safely identify store assignment for repository candidate interface com.library.repository.BookRepository; If you want this repository to be a Redis repository, consider annotating your entities with one of these annotations: org.springframework.data.redis.core.RedisHash (preferred), or consider extending one of the following types with your repository: org.springframework.data.keyvalue.repository.KeyValueRepository
2026-08-04T15:07:48.275+07:00  INFO 14468 --- [library-management] [           main] .RepositoryConfigurationExtensionSupport : Spring Data Redis - Could not safely identify store assignment for repository candidate interface com.library.repository.BorrowingRepository; If you want this repository to be a Redis repository, consider annotating your entities with one of these annotations: org.springframework.data.redis.core.RedisHash (preferred), or consider extending one of the following types with your repository: org.springframework.data.keyvalue.repository.KeyValueRepository
2026-08-04T15:07:48.275+07:00  INFO 14468 --- [library-management] [           main] .RepositoryConfigurationExtensionSupport : Spring Data Redis - Could not safely identify store assignment for repository candidate interface com.library.repository.BorrowingRequestRepository; If you want this repository to be a Redis repository, consider annotating your entities with one of these annotations: org.springframework.data.redis.core.RedisHash (preferred), or consider extending one of the following types with your repository: org.springframework.data.keyvalue.repository.KeyValueRepository
2026-08-04T15:07:48.277+07:00  INFO 14468 --- [library-management] [           main] .RepositoryConfigurationExtensionSupport : Spring Data Redis - Could not safely identify store assignment for repository candidate interface com.library.repository.FineRepository; If you want this repository to be a Redis repository, consider annotating your entities with one of these annotations: org.springframework.data.redis.core.RedisHash (preferred), or consider extending one of the following types with your repository: org.springframework.data.keyvalue.repository.KeyValueRepository
2026-08-04T15:07:48.279+07:00  INFO 14468 --- [library-management] [           main] .RepositoryConfigurationExtensionSupport : Spring Data Redis - Could not safely identify store assignment for repository candidate interface com.library.repository.MemberRepository; If you want this repository to be a Redis repository, consider annotating your entities with one of these annotations: org.springframework.data.redis.core.RedisHash (preferred), or consider extending one of the following types with your repository: org.springframework.data.keyvalue.repository.KeyValueRepository
2026-08-04T15:07:48.280+07:00  INFO 14468 --- [library-management] [           main] .RepositoryConfigurationExtensionSupport : Spring Data Redis - Could not safely identify store assignment for repository candidate interface com.library.repository.ReportRepository; If you want this repository to be a Redis repository, consider annotating your entities with one of these annotations: org.springframework.data.redis.core.RedisHash (preferred), or consider extending one of the following types with your repository: org.springframework.data.keyvalue.repository.KeyValueRepository
2026-08-04T15:07:48.283+07:00  INFO 14468 --- [library-management] [           main] .RepositoryConfigurationExtensionSupport : Spring Data Redis - Could not safely identify store assignment for repository candidate interface com.library.repository.ReservationRepository; If you want this repository to be a Redis repository, consider annotating your entities with one of these annotations: org.springframework.data.redis.core.RedisHash (preferred), or consider extending one of the following types with your repository: org.springframework.data.keyvalue.repository.KeyValueRepository
2026-08-04T15:07:48.283+07:00  INFO 14468 --- [library-management] [           main] .s.d.r.c.RepositoryConfigurationDelegate : Finished Spring Data repository scanning in 23 ms. Found 0 Redis repository interfaces.
2026-08-04T15:07:49.654+07:00  INFO 14468 --- [library-management] [           main] o.s.boot.tomcat.TomcatWebServer          : Tomcat initialized with port 8080 (http)
2026-08-04T15:07:49.675+07:00  INFO 14468 --- [library-management] [           main] o.apache.catalina.core.StandardService   : Starting service [Tomcat]
2026-08-04T15:07:49.675+07:00  INFO 14468 --- [library-management] [           main] o.apache.catalina.core.StandardEngine    : Starting Servlet engine: [Apache Tomcat/11.0.22]
2026-08-04T15:07:49.765+07:00  INFO 14468 --- [library-management] [           main] b.w.c.s.WebApplicationContextInitializer : Root WebApplicationContext: initialization completed in 3356 ms
2026-08-04T15:07:50.219+07:00  INFO 14468 --- [library-management] [           main] org.hibernate.orm.jpa                    : HHH008540: Processing PersistenceUnitInfo [name: default]
2026-08-04T15:07:50.293+07:00  INFO 14468 --- [library-management] [           main] org.hibernate.orm.core                   : HHH000001: Hibernate ORM core version 7.4.1.Final
2026-08-04T15:07:50.801+07:00  INFO 14468 --- [library-management] [           main] o.s.o.j.p.SpringPersistenceUnitInfo      : No LoadTimeWeaver setup: ignoring JPA class transformer
2026-08-04T15:07:50.844+07:00  INFO 14468 --- [library-management] [           main] com.zaxxer.hikari.HikariDataSource       : HikariPool-1 - Starting...
2026-08-04T15:07:51.199+07:00  INFO 14468 --- [library-management] [           main] com.zaxxer.hikari.pool.HikariPool        : HikariPool-1 - Added connection ConnectionID:1 ClientConnectionId: f42db1b1-c444-45d6-a68c-7f8a777afc4c
2026-08-04T15:07:51.203+07:00  INFO 14468 --- [library-management] [           main] com.zaxxer.hikari.HikariDataSource       : HikariPool-1 - Start completed.
2026-08-04T15:07:51.445+07:00  WARN 14468 --- [library-management] [           main] org.hibernate.orm.deprecation            : HHH90000025: SQLServerDialect does not need to be specified explicitly using 'hibernate.dialect' (remove the property setting and it will be selected by default)
2026-08-04T15:07:51.570+07:00  INFO 14468 --- [library-management] [           main] org.hibernate.orm.connections.pooling    : HHH10001005: Database info:
	Database JDBC URL [jdbc:sqlserver://localhost:1433;concatNullYieldsNull=ON;quotedIdentifier=ON;connectRetryInterval=10;connectRetryCount=1;maxResultBuffer=-1;sendTemporalDataTypesAsStringForBulkCopy=true;delayLoadingLobs=true;useFmtOnly=false;vectorTypeSupport=v1;cacheBulkCopyMetadata=false;bulkCopyForBatchInsertAllowEncryptedValueModifications=false;bulkCopyForBatchInsertTableLock=false;bulkCopyForBatchInsertKeepNulls=false;bulkCopyForBatchInsertKeepIdentity=false;bulkCopyForBatchInsertFireTriggers=false;bulkCopyForBatchInsertCheckConstraints=false;bulkCopyForBatchInsertBatchSize=0;useBulkCopyForBatchInsert=false;cancelQueryTimeout=-1;sslProtocol=TLS;calcBigDecimalPrecision=false;useDefaultJaasConfig=false;jaasConfigurationName=SQLJDBCDriver;statementPoolingCacheSize=0;serverPreparedStatementDiscardThreshold=10;enablePrepareOnFirstPreparedStatementCall=false;fips=false;socketTimeout=0;authentication=NotSpecified;authenticationScheme=nativeAuthentication;xopenStates=false;datetimeParameterType=datetime2;sendTimeAsDatetime=true;replication=false;trustStoreType=JKS;trustServerCertificate=true;TransparentNetworkIPResolution=true;iPAddressPreference=IPv4First;serverNameAsACE=false;sendStringParametersAsUnicode=false;selectMethod=direct;responseBuffering=adaptive;queryTimeout=-1;packetSize=8000;multiSubnetFailover=false;loginTimeout=30;lockTimeout=-1;lastUpdateCount=true;useDefaultGSSCredential=false;prepareMethod=prepexec;encrypt=true;disableStatementPooling=true;databaseName=LibraryManagement;columnEncryptionSetting=Disabled;applicationName=Microsoft JDBC Driver for SQL Server;applicationIntent=readwrite;]
	Database driver: Microsoft JDBC Driver 13.4 for SQL Server
	Database dialect: SQLServerDialect
	Database version: 16.0
	Default catalog/schema: LibraryManagement/dbo
	Autocommit mode: undefined/unknown
	Isolation level: READ_COMMITTED [default READ_COMMITTED]
	JDBC fetch size: 128
	Pool: DataSourceConnectionProvider
	Minimum pool size: undefined/unknown
	Maximum pool size: undefined/unknown
2026-08-04T15:07:53.591+07:00  INFO 14468 --- [library-management] [           main] org.hibernate.orm.core                   : HHH000489: No JTA platform available (set 'hibernate.transaction.jta.platform' to enable JTA platform integration)
Hibernate: 
    alter table books 
       alter column description NVARCHAR(MAX)
Hibernate: 
    alter table borrowing_requests 
       alter column notes NVARCHAR(MAX)
Hibernate: 
    alter table members 
       alter column avatar NVARCHAR(MAX)
2026-08-04T15:08:17.519+07:00  INFO 14468 --- [library-management] [           main] j.LocalContainerEntityManagerFactoryBean : Initialized JPA EntityManagerFactory for persistence unit 'default'
2026-08-04T15:08:17.647+07:00  INFO 14468 --- [library-management] [           main] o.s.d.j.r.query.QueryEnhancerFactories   : Hibernate is in classpath; If applicable, HQL parser will be used.
2026-08-04T15:08:21.161+07:00  WARN 14468 --- [library-management] [           main] n.s.j.engine.xml.JRTextFieldFactory      : The 'isStretchWithOverflow' attribute is deprecated. Use the 'textAdjust' attribute instead.
2026-08-04T15:08:21.162+07:00  WARN 14468 --- [library-management] [           main] n.s.j.engine.xml.JRTextFieldFactory      : The 'isStretchWithOverflow' attribute is deprecated. Use the 'textAdjust' attribute instead.
2026-08-04T15:08:21.234+07:00  WARN 14468 --- [library-management] [           main] n.s.j.engine.xml.JRTextFieldFactory      : The 'isStretchWithOverflow' attribute is deprecated. Use the 'textAdjust' attribute instead.
2026-08-04T15:08:21.235+07:00  WARN 14468 --- [library-management] [           main] n.s.j.engine.xml.JRTextFieldFactory      : The 'isStretchWithOverflow' attribute is deprecated. Use the 'textAdjust' attribute instead.
2026-08-04T15:08:21.920+07:00  WARN 14468 --- [library-management] [           main] JpaBaseConfiguration$JpaWebConfiguration : spring.jpa.open-in-view is enabled by default. Therefore, database queries may be performed during view rendering. Explicitly configure spring.jpa.open-in-view to disable this warning
2026-08-04T15:08:22.907+07:00  INFO 14468 --- [library-management] [           main] c.r.stream.impl.StreamEnvironment        : Connecting to localhost with guest user, assuming development environment
2026-08-04T15:08:22.907+07:00  INFO 14468 --- [library-management] [           main] c.r.stream.impl.StreamEnvironment        : Using address resolver to always connect to localhost
2026-08-04T15:08:23.476+07:00  INFO 14468 --- [library-management] [           main] o.s.boot.tomcat.TomcatWebServer          : Tomcat started on port 8080 (http) with context path '/'
2026-08-04T15:08:23.480+07:00  INFO 14468 --- [library-management] [           main] o.s.a.r.c.CachingConnectionFactory       : Attempting to connect to: [localhost:5672]
2026-08-04T15:08:23.536+07:00  INFO 14468 --- [library-management] [           main] o.s.a.r.c.CachingConnectionFactory       : Created new connection: rabbitConnectionFactory#534b0af3:0/SimpleConnection@5d948005 [delegate=amqp://guest@127.0.0.1:5672/, localPort=59573]
2026-08-04T15:08:23.619+07:00  INFO 14468 --- [library-management] [           main] c.library.LibraryManagementApplication   : Started LibraryManagementApplication in 38.343 seconds (process running for 40.144)
2026-08-04T15:08:23.675+07:00  INFO 14468 --- [library-management] [           main] com.library.config.DatabaseInitializer   : Thủ tục lưu trữ đã được khởi tạo thành công từ sql/stored_procedures.sql.
Hibernate: 
    select
        top (?) m1_0.id 
    from
        members m1_0 
    where
        m1_0.username=?
Hibernate: 
    select
        top (?) m1_0.id 
    from
        members m1_0 
    where
        m1_0.username=?
2026-08-04T15:08:42.917+07:00  INFO 14468 --- [library-management] [nio-8080-exec-1] o.a.c.c.C.[Tomcat].[localhost].[/]       : Initializing Spring DispatcherServlet 'dispatcherServlet'
2026-08-04T15:08:42.937+07:00  INFO 14468 --- [library-management] [nio-8080-exec-1] o.s.web.servlet.DispatcherServlet        : Initializing Servlet 'dispatcherServlet'
2026-08-04T15:08:42.940+07:00  INFO 14468 --- [library-management] [nio-8080-exec-1] o.s.web.servlet.DispatcherServlet        : Completed initialization in 2 ms
Hibernate: 
    select
        m1_0.id,
        m1_0.address,
        m1_0.age,
        m1_0.avatar,
        m1_0.created_at,
        m1_0.email,
        m1_0.is_active,
        m1_0.joining_date,
        m1_0.member_code,
        m1_0.name,
        m1_0.password,
        m1_0.phone,
        m1_0.role,
        m1_0.updated_at,
        m1_0.username 
    from
        members m1_0 
    where
        m1_0.username=?
2026-08-04T15:08:48.530+07:00  WARN 14468 --- [library-management] [nio-8080-exec-2] io.netty.bootstrap.Bootstrap             : Unknown channel option 'TCP_KEEPCOUNT' for channel '[id: 0x5d07b94c]' of type 'class io.netty.channel.socket.nio.NioSocketChannel'
2026-08-04T15:08:48.530+07:00  WARN 14468 --- [library-management] [nio-8080-exec-2] io.netty.bootstrap.Bootstrap             : Unknown channel option 'TCP_KEEPIDLE' for channel '[id: 0x5d07b94c]' of type 'class io.netty.channel.socket.nio.NioSocketChannel'
2026-08-04T15:08:48.530+07:00  WARN 14468 --- [library-management] [nio-8080-exec-2] io.netty.bootstrap.Bootstrap             : Unknown channel option 'TCP_KEEPINTERVAL' for channel '[id: 0x5d07b94c]' of type 'class io.netty.channel.socket.nio.NioSocketChannel'
Hibernate: 
    EXEC dbo.GetTop10MostBorrowedBooks
2026-08-04T15:08:49.740+07:00  WARN 14468 --- [library-management] [nio-8080-exec-2] io.netty.bootstrap.Bootstrap             : Unknown channel option 'TCP_KEEPCOUNT' for channel '[id: 0xd91967fc]' of type 'class io.netty.channel.socket.nio.NioSocketChannel'
2026-08-04T15:08:49.740+07:00  WARN 14468 --- [library-management] [nio-8080-exec-2] io.netty.bootstrap.Bootstrap             : Unknown channel option 'TCP_KEEPIDLE' for channel '[id: 0xd91967fc]' of type 'class io.netty.channel.socket.nio.NioSocketChannel'
2026-08-04T15:08:49.740+07:00  WARN 14468 --- [library-management] [nio-8080-exec-2] io.netty.bootstrap.Bootstrap             : Unknown channel option 'TCP_KEEPINTERVAL' for channel '[id: 0xd91967fc]' of type 'class io.netty.channel.socket.nio.NioSocketChannel'
Hibernate: 
    select
        br1_0.id,
        br1_0.book_id,
        br1_0.expected_due_date,
        br1_0.member_id,
        br1_0.notes,
        br1_0.processed_date,
        br1_0.request_date,
        br1_0.status 
    from
        borrowing_requests br1_0 
    where
        br1_0.status='PENDING' 
        and br1_0.request_date<?
Hibernate: 
    select
        r1_0.id,
        r1_0.book_id,
        r1_0.expiry_date,
        r1_0.book_copy_id,
        r1_0.fulfilled_date,
        r1_0.member_id,
        r1_0.request_date,
        r1_0.status,
        r1_0.updated_at 
    from
        reservations r1_0 
    where
        r1_0.status='FULFILLED' 
        and r1_0.expiry_date<sysdatetime()
Hibernate: 
    select
        r1_0.id,
        r1_0.book_id,
        r1_0.expiry_date,
        r1_0.book_copy_id,
        r1_0.fulfilled_date,
        r1_0.member_id,
        r1_0.request_date,
        r1_0.status,
        r1_0.updated_at 
    from
        reservations r1_0 
    where
        r1_0.status='FULFILLED' 
        and r1_0.expiry_date<sysdatetime()
Hibernate: 
    select
        br1_0.id,
        br1_0.book_id,
        br1_0.expected_due_date,
        br1_0.member_id,
        br1_0.notes,
        br1_0.processed_date,
        br1_0.request_date,
        br1_0.status 
    from
        borrowing_requests br1_0 
    where
        br1_0.status='PENDING' 
        and br1_0.request_date<?
[ERROR] Failed to execute goal org.springframework.boot:spring-boot-maven-plugin:4.1.0:run (default-cli) on project library-management: Process terminated with exit code: 1 -> [Help 1]
[ERROR] 
[ERROR] To see the full stack trace of the errors, re-run Maven with the -e switch.
[ERROR] Re-run Maven using the -X switch to enable full debug logging.
[ERROR] 
[ERROR] For more information about the errors and possible solutions, please read the following articles:
[ERROR] [Help 1] http://cwiki.apache.org/confluence/display/MAVEN/MojoExecutionException
